
Discarded input sections

 .text          0x00000000        0x0 ..\obj\core_cm3.o
 .data          0x00000000        0x0 ..\obj\core_cm3.o
 .bss           0x00000000        0x0 ..\obj\core_cm3.o
 .text.__get_PSP
                0x00000000       0x10 ..\obj\core_cm3.o
 .text.__set_PSP
                0x00000000        0x8 ..\obj\core_cm3.o
 .text.__get_MSP
                0x00000000       0x10 ..\obj\core_cm3.o
 .text.__set_MSP
                0x00000000        0x8 ..\obj\core_cm3.o
 .text.__get_BASEPRI
                0x00000000       0x20 ..\obj\core_cm3.o
 .text.__set_BASEPRI
                0x00000000       0x18 ..\obj\core_cm3.o
 .text.__get_PRIMASK
                0x00000000       0x20 ..\obj\core_cm3.o
 .text.__set_PRIMASK
                0x00000000       0x18 ..\obj\core_cm3.o
 .text.__get_FAULTMASK
                0x00000000       0x20 ..\obj\core_cm3.o
 .text.__set_FAULTMASK
                0x00000000       0x18 ..\obj\core_cm3.o
 .text.__get_CONTROL
                0x00000000       0x20 ..\obj\core_cm3.o
 .text.__set_CONTROL
                0x00000000       0x18 ..\obj\core_cm3.o
 .text.__REV    0x00000000       0x24 ..\obj\core_cm3.o
 .text.__REV16  0x00000000       0x24 ..\obj\core_cm3.o
 .text.__REVSH  0x00000000       0x24 ..\obj\core_cm3.o
 .text.__RBIT   0x00000000       0x24 ..\obj\core_cm3.o
 .text.__LDREXB
                0x00000000       0x24 ..\obj\core_cm3.o
 .text.__LDREXH
                0x00000000       0x24 ..\obj\core_cm3.o
 .text.__LDREXW
                0x00000000       0x24 ..\obj\core_cm3.o
 .text.__STREXB
                0x00000000       0x2c ..\obj\core_cm3.o
 .text.__STREXH
                0x00000000       0x2c ..\obj\core_cm3.o
 .text.__STREXW
                0x00000000       0x28 ..\obj\core_cm3.o
 .text          0x00000000        0x0 ..\obj\system_LPC17xx.o
 .bss           0x00000000        0x0 ..\obj\system_LPC17xx.o
 .text.SystemCoreClockUpdate
                0x00000000      0x1a8 ..\obj\system_LPC17xx.o
 .text          0x00000000        0x0 ..\obj\uart.o
 .data          0x00000000        0x0 ..\obj\uart.o
 .bss           0x00000000        0x0 ..\obj\uart.o
 .text.UART0_Init
                0x00000000       0xb4 ..\obj\uart.o
 .text.UART1_Init
                0x00000000       0xcc ..\obj\uart.o
 .text.UART2_Init
                0x00000000       0xb4 ..\obj\uart.o
 .text.UART0_Sendchar
                0x00000000       0x30 ..\obj\uart.o
 .text.UART1_Sendchar
                0x00000000       0x30 ..\obj\uart.o
 .text.UART2_Sendchar
                0x00000000       0x30 ..\obj\uart.o
 .text.UART0_Getchar
                0x00000000       0x30 ..\obj\uart.o
 .text.UART1_Getchar
                0x00000000       0x30 ..\obj\uart.o
 .text.UART2_Getchar
                0x00000000       0x30 ..\obj\uart.o
 .text.UART0_PrintString
                0x00000000       0x3c ..\obj\uart.o
 .text.UART1_PrintString
                0x00000000       0x3c ..\obj\uart.o
 .text.UART2_PrintString
                0x00000000       0x3c ..\obj\uart.o
 .text          0x00000000        0x0 ..\obj\main.o
 .data          0x00000000        0x0 ..\obj\main.o
 .bss           0x00000000        0x0 ..\obj\main.o
 .text          0x00000000        0x0 ..\obj\startup_LPC17xx.o
 .data          0x00000000        0x0 ..\obj\startup_LPC17xx.o
 .bss           0x00000000        0x0 ..\obj\startup_LPC17xx.o
 .text          0x00000000        0x0 ..\obj\lpc17xx_libcfg_default.o
 .data          0x00000000        0x0 ..\obj\lpc17xx_libcfg_default.o
 .bss           0x00000000        0x0 ..\obj\lpc17xx_libcfg_default.o
 .text.check_failed
                0x00000000        0xc ..\obj\lpc17xx_libcfg_default.o
 .text          0x00000000        0x0 ..\obj\syscalls.o
 .data          0x00000000        0x0 ..\obj\syscalls.o
 .bss           0x00000000        0x4 ..\obj\syscalls.o
 .text._sbrk    0x00000000       0x40 ..\obj\syscalls.o
 .text.link     0x00000000       0x1c ..\obj\syscalls.o
 .text._close   0x00000000       0x18 ..\obj\syscalls.o
 .text._fstat   0x00000000       0x24 ..\obj\syscalls.o
 .text._isatty  0x00000000       0x18 ..\obj\syscalls.o
 .text._lseek   0x00000000       0x1c ..\obj\syscalls.o
 .text._read    0x00000000       0x1c ..\obj\syscalls.o
 .text._write   0x00000000       0x1c ..\obj\syscalls.o
 .text.abort    0x00000000        0x8 ..\obj\syscalls.o

Memory Configuration

Name             Origin             Length             Attributes
rom              0x00000000         0x00080000         xr
ram              0x10000000         0x00008000         xrw
ram1             0x2007c000         0x00008000         xrw
*default*        0x00000000         0xffffffff

Linker script and memory map

                0x10008000                _eram = 0x10008000

.text           0x00000000      0x580
 *(.isr_vector .isr_vector.*)
 .isr_vector    0x00000000       0xcc ..\obj\startup_LPC17xx.o
                0x00000000                g_pfnVectors
 *(.text .text.* .gnu.linkonce.t.*)
 .text.SystemInit
                0x000000cc      0x180 ..\obj\system_LPC17xx.o
                0x000000cc                SystemInit
 .text.UART3_Init
                0x0000024c       0xb4 ..\obj\uart.o
                0x0000024c                UART3_Init
 .text.UART3_Sendchar
                0x00000300       0x30 ..\obj\uart.o
                0x00000300                UART3_Sendchar
 .text.UART3_Getchar
                0x00000330       0x30 ..\obj\uart.o
                0x00000330                UART3_Getchar
 .text.UART3_PrintString
                0x00000360       0x3c ..\obj\uart.o
                0x00000360                UART3_PrintString
 .text.main     0x0000039c       0x78 ..\obj\main.o
                0x0000039c                main
 .text.Default_Reset_Handler
                0x00000414       0x68 ..\obj\startup_LPC17xx.o
                0x00000414                Default_Reset_Handler
                0x00000414                Reset_Handler
 .text.Default_Handler
                0x0000047c        0x8 ..\obj\startup_LPC17xx.o
                0x0000047c                TIMER2_IRQHandler
                0x0000047c                DebugMon_Handler
                0x0000047c                RIT_IRQHandler
                0x0000047c                I2C0_IRQHandler
                0x0000047c                HardFault_Handler
                0x0000047c                SysTick_Handler
                0x0000047c                USBActivity_IRQHandler
                0x0000047c                PWM1_IRQHandler
                0x0000047c                PendSV_Handler
                0x0000047c                NMI_Handler
                0x0000047c                I2C1_IRQHandler
                0x0000047c                EINT2_IRQHandler
                0x0000047c                UART1_IRQHandler
                0x0000047c                EINT3_IRQHandler
                0x0000047c                CANActivity_IRQHandler
                0x0000047c                TIMER3_IRQHandler
                0x0000047c                UART0_IRQHandler
                0x0000047c                UsageFault_Handler
                0x0000047c                PLL0_IRQHandler
                0x0000047c                CAN_IRQHandler
                0x0000047c                PLL1_IRQHandler
                0x0000047c                SSP0_IRQHandler
                0x0000047c                I2S_IRQHandler
                0x0000047c                I2C2_IRQHandler
                0x0000047c                RTC_IRQHandler
                0x0000047c                TIMER0_IRQHandler
                0x0000047c                SPI_IRQHandler
                0x0000047c                EINT1_IRQHandler
                0x0000047c                TIMER1_IRQHandler
                0x0000047c                UART2_IRQHandler
                0x0000047c                ADC_IRQHandler
                0x0000047c                SSP1_IRQHandler
                0x0000047c                USB_IRQHandler
                0x0000047c                BOD_IRQHandler
                0x0000047c                MemManage_Handler
                0x0000047c                WDT_IRQHandler
                0x0000047c                SVC_Handler
                0x0000047c                QEI_IRQHandler
                0x0000047c                EINT0_IRQHandler
                0x0000047c                DMA_IRQHandler
                0x0000047c                BusFault_Handler
                0x0000047c                UART3_IRQHandler
                0x0000047c                MCPWM_IRQHandler
                0x0000047c                ENET_IRQHandler
 *(.glue_7t)
 .glue_7t       0x00000000        0x0 linker stubs
 *(.glue_7)
 .glue_7        0x00000000        0x0 linker stubs
 *(.rodata .rodata* .gnu.linkonce.r.*)
 .rodata        0x00000484       0xfc ..\obj\main.o

.vfp11_veneer   0x00000580        0x0
 .vfp11_veneer  0x00000000        0x0 linker stubs

.v4_bx          0x00000580        0x0
 .v4_bx         0x00000000        0x0 linker stubs

.ARM.extab
 *(.ARM.extab* .gnu.linkonce.armextab.*)

.ARM.exidx
 *(.ARM.exidx* .gnu.linkonce.armexidx.*)
                0x00000580                . = ALIGN (0x4)
                0x00000580                _etext = .
                0x00000580                _sidata = .

.data           0x10000000        0x4 load address 0x00000580
                0x10000000                _sdata = .
 *(.data .data.*)
 .data          0x10000000        0x4 ..\obj\system_LPC17xx.o
                0x10000000                SystemCoreClock
                0x10000004                . = ALIGN (0x4)
                0x10000004                _edata = .

.bss            0x10000004        0x0
                0x10000004                _sbss = .
 *(.bss .bss.*)
 *(COMMON)
                0x10000004                . = ALIGN (0x4)
                0x10000004                _ebss = .

.co_stack       0x10000004      0x404 load address 0x00000584
                0x10000008                . = ALIGN (0x8)
 *fill*         0x10000004        0x4 00
 *(.co_stack .co_stack.*)
 .co_stack      0x10000008      0x400 ..\obj\startup_LPC17xx.o
                0x10000008                pulStack
                0x10000408                . = ALIGN (0x4)
                0x10000408                _end = .
LOAD ..\obj\core_cm3.o
LOAD ..\obj\system_LPC17xx.o
LOAD ..\obj\uart.o
LOAD ..\obj\main.o
LOAD ..\obj\startup_LPC17xx.o
LOAD ..\obj\lpc17xx_libcfg_default.o
LOAD ..\obj\syscalls.o
START GROUP
LOAD c:/coocox/coide/gcc/sourcery g++ lite/bin/../lib/gcc/arm-none-eabi/4.5.2/thumb2\libgcc.a
LOAD c:/coocox/coide/gcc/sourcery g++ lite/bin/../lib/gcc/arm-none-eabi/4.5.2/../../../../arm-none-eabi/lib/thumb2\libc.a
END GROUP
OUTPUT(UARTexample.elf elf32-littlearm)

.debug_abbrev   0x00000000      0x5cb
 .debug_abbrev  0x00000000       0xd5 ..\obj\core_cm3.o
 .debug_abbrev  0x000000d5       0xd7 ..\obj\system_LPC17xx.o
 .debug_abbrev  0x000001ac      0x1c1 ..\obj\uart.o
 .debug_abbrev  0x0000036d       0x77 ..\obj\main.o
 .debug_abbrev  0x000003e4       0xa3 ..\obj\startup_LPC17xx.o
 .debug_abbrev  0x00000487       0x66 ..\obj\lpc17xx_libcfg_default.o
 .debug_abbrev  0x000004ed       0xde ..\obj\syscalls.o

.debug_info     0x00000000     0x1d41
 .debug_info    0x00000000      0x548 ..\obj\core_cm3.o
 .debug_info    0x00000548      0x4f9 ..\obj\system_LPC17xx.o
 .debug_info    0x00000a41      0xbff ..\obj\uart.o
 .debug_info    0x00001640       0xcb ..\obj\main.o
 .debug_info    0x0000170b      0x131 ..\obj\startup_LPC17xx.o
 .debug_info    0x0000183c       0xc5 ..\obj\lpc17xx_libcfg_default.o
 .debug_info    0x00001901      0x440 ..\obj\syscalls.o

.debug_line     0x00000000      0xbca
 .debug_line    0x00000000      0x27e ..\obj\core_cm3.o
 .debug_line    0x0000027e      0x1f4 ..\obj\system_LPC17xx.o
 .debug_line    0x00000472      0x315 ..\obj\uart.o
 .debug_line    0x00000787      0x11c ..\obj\main.o
 .debug_line    0x000008a3       0x9e ..\obj\startup_LPC17xx.o
 .debug_line    0x00000941       0xfd ..\obj\lpc17xx_libcfg_default.o
 .debug_line    0x00000a3e      0x18c ..\obj\syscalls.o

.debug_loc      0x00000000      0xa88
 .debug_loc     0x00000000      0x3f0 ..\obj\core_cm3.o
 .debug_loc     0x000003f0       0x58 ..\obj\system_LPC17xx.o
 .debug_loc     0x00000448      0x380 ..\obj\uart.o
 .debug_loc     0x000007c8       0x38 ..\obj\main.o
 .debug_loc     0x00000800       0x64 ..\obj\startup_LPC17xx.o
 .debug_loc     0x00000864       0x38 ..\obj\lpc17xx_libcfg_default.o
 .debug_loc     0x0000089c      0x1ec ..\obj\syscalls.o

.debug_pubnames
                0x00000000      0x3db
 .debug_pubnames
                0x00000000      0x159 ..\obj\core_cm3.o
 .debug_pubnames
                0x00000159       0x4f ..\obj\system_LPC17xx.o
 .debug_pubnames
                0x000001a8      0x13a ..\obj\uart.o
 .debug_pubnames
                0x000002e2       0x1b ..\obj\main.o
 .debug_pubnames
                0x000002fd       0x4a ..\obj\startup_LPC17xx.o
 .debug_pubnames
                0x00000347       0x23 ..\obj\lpc17xx_libcfg_default.o
 .debug_pubnames
                0x0000036a       0x71 ..\obj\syscalls.o

.debug_pubtypes
                0x00000000      0x20e
 .debug_pubtypes
                0x00000000       0x50 ..\obj\core_cm3.o
 .debug_pubtypes
                0x00000050       0x4b ..\obj\system_LPC17xx.o
 .debug_pubtypes
                0x0000009b       0x80 ..\obj\uart.o
 .debug_pubtypes
                0x0000011b       0x1e ..\obj\main.o
 .debug_pubtypes
                0x00000139       0x2b ..\obj\lpc17xx_libcfg_default.o
 .debug_pubtypes
                0x00000164       0xaa ..\obj\syscalls.o

.debug_aranges  0x00000000      0x250
 .debug_aranges
                0x00000000       0xc8 ..\obj\core_cm3.o
 .debug_aranges
                0x000000c8       0x28 ..\obj\system_LPC17xx.o
 .debug_aranges
                0x000000f0       0x98 ..\obj\uart.o
 .debug_aranges
                0x00000188       0x20 ..\obj\main.o
 .debug_aranges
                0x000001a8       0x28 ..\obj\startup_LPC17xx.o
 .debug_aranges
                0x000001d0       0x20 ..\obj\lpc17xx_libcfg_default.o
 .debug_aranges
                0x000001f0       0x60 ..\obj\syscalls.o

.debug_ranges   0x00000000      0x1e0
 .debug_ranges  0x00000000       0xb8 ..\obj\core_cm3.o
 .debug_ranges  0x000000b8       0x18 ..\obj\system_LPC17xx.o
 .debug_ranges  0x000000d0       0x88 ..\obj\uart.o
 .debug_ranges  0x00000158       0x10 ..\obj\main.o
 .debug_ranges  0x00000168       0x18 ..\obj\startup_LPC17xx.o
 .debug_ranges  0x00000180       0x10 ..\obj\lpc17xx_libcfg_default.o
 .debug_ranges  0x00000190       0x50 ..\obj\syscalls.o

.debug_str      0x00000000      0x991
 .debug_str     0x00000000      0x1e6 ..\obj\core_cm3.o
                                0x22a (size before relaxing)
 .debug_str     0x000001e6      0x218 ..\obj\system_LPC17xx.o
                                0x2b9 (size before relaxing)
 .debug_str     0x000003fe      0x2b7 ..\obj\uart.o
                                0x4c4 (size before relaxing)
 .debug_str     0x000006b5       0x3b ..\obj\main.o
                                 0xe5 (size before relaxing)
 .debug_str     0x000006f0       0xac ..\obj\startup_LPC17xx.o
                                 0xd7 (size before relaxing)
 .debug_str     0x0000079c       0x69 ..\obj\lpc17xx_libcfg_default.o
                                0x10f (size before relaxing)
 .debug_str     0x00000805      0x18c ..\obj\syscalls.o
                                0x24d (size before relaxing)

.comment        0x00000000       0x2a
 .comment       0x00000000       0x2a ..\obj\core_cm3.o
                                 0x2b (size before relaxing)
 .comment       0x00000000       0x2b ..\obj\system_LPC17xx.o
 .comment       0x00000000       0x2b ..\obj\uart.o
 .comment       0x00000000       0x2b ..\obj\main.o
 .comment       0x00000000       0x2b ..\obj\startup_LPC17xx.o
 .comment       0x00000000       0x2b ..\obj\lpc17xx_libcfg_default.o
 .comment       0x00000000       0x2b ..\obj\syscalls.o

.ARM.attributes
                0x00000000       0x31
 .ARM.attributes
                0x00000000       0x31 ..\obj\core_cm3.o
 .ARM.attributes
                0x00000031       0x31 ..\obj\system_LPC17xx.o
 .ARM.attributes
                0x00000062       0x31 ..\obj\uart.o
 .ARM.attributes
                0x00000093       0x31 ..\obj\main.o
 .ARM.attributes
                0x000000c4       0x31 ..\obj\startup_LPC17xx.o
 .ARM.attributes
                0x000000f5       0x31 ..\obj\lpc17xx_libcfg_default.o
 .ARM.attributes
                0x00000126       0x31 ..\obj\syscalls.o

.debug_frame    0x00000000      0x64c
 .debug_frame   0x00000000      0x280 ..\obj\core_cm3.o
 .debug_frame   0x00000280       0x40 ..\obj\system_LPC17xx.o
 .debug_frame   0x000002c0      0x1e0 ..\obj\uart.o
 .debug_frame   0x000004a0       0x30 ..\obj\main.o
 .debug_frame   0x000004d0       0x48 ..\obj\startup_LPC17xx.o
 .debug_frame   0x00000518       0x2c ..\obj\lpc17xx_libcfg_default.o
 .debug_frame   0x00000544      0x108 ..\obj\syscalls.o
